17:35:31 **** Incremental Build of configuration Debug for project UART_Driver ****
make -j23 all 
arm-none-eabi-gcc "../Core/Src/main.c" -mcpu=cortex-m4 -std=gnu11 -g3 -DDEBUG -DUSE_HAL_DRIVER -DSTM32F401xC -c -I../Core/Inc -I../Drivers/STM32F4xx_HAL_Driver/Inc -I../Drivers/STM32F4xx_HAL_Driver/Inc/Legacy -I../Drivers/CMSIS/Device/ST/STM32F4xx/Include -I../Drivers/CMSIS/Include -O0 -ffunction-sections -fdata-sections -Wall -fstack-usage -fcyclomatic-complexity -MMD -MP -MF"Core/Src/main.d" -MT"Core/Src/main.o" --specs=nano.specs -mfpu=fpv4-sp-d16 -mfloat-abi=hard -mthumb -o "Core/Src/main.o"
arm-none-eabi-gcc -o "UART_Driver.elf" @"objects.list"   -mcpu=cortex-m4 -T"D:\Study\gitHub-Labwork\SampleCode\UART_Driver\STM32F401CCUX_FLASH.ld" --specs=nosys.specs -Wl,-Map="UART_Driver.map" -Wl,--gc-sections -static --specs=nano.specs -mfpu=fpv4-sp-d16 -mfloat-abi=hard -mthumb -Wl,--start-group -lc -lm -Wl,--end-group
Finished building target: UART_Driver.elf
 
arm-none-eabi-size  UART_Driver.elf 
arm-none-eabi-objdump -h -S UART_Driver.elf  > "UART_Driver.list"
   text	   data	    bss	    dec	    hex	filename
   4968	     20	   1572	   6560	   19a0	UART_Driver.elf
Finished building: default.size.stdout
 
Finished building: UART_Driver.list
 

17:35:31 Build Finished. 0 errors, 0 warnings. (took 445ms)

